
[1m[46m RUN [49m[22m [36mv4.0.18 [39m[90mD:/MY-DSMLAI/Projects/Stock Price Predict/Stock-price-predictor/client[39m

 [31mΓ¥»[39m src/components/__tests__/TickerInput.test.jsx [2m([22m[2m6 tests[22m[2m | [22m[31m5 failed[39m[2m)[22m[32m 288[2mms[22m[39m
[31m     [31m├ù[31m renders input field and buttons[39m[32m 77[2mms[22m[39m
[31m     [31m├ù[31m validates ticker format correctly (valid)[39m[32m 8[2mms[22m[39m
[31m     [31m├ù[31m validates ticker format correctly (invalid lowercase)[39m[32m 8[2mms[22m[39m
[31m     [31m├ù[31m validates ticker format correctly (invalid numbers)[39m[32m 8[2mms[22m[39m
[31m     [31m├ù[31m calls onTrain when Train button is clicked with valid input[39m[32m 9[2mms[22m[39m
     [32mΓ£ô[39m disables buttons when loading[32m 175[2mms[22m[39m

[2m Test Files [22m [1m[31m1 failed[39m[22m[90m (1)[39m
[2m      Tests [22m [1m[31m5 failed[39m[22m[2m | [22m[1m[32m1 passed[39m[22m[90m (6)[39m
[2m   Start at [22m 14:56:14
[2m   Duration [22m 2.23s[2m (transform 97ms, setup 173ms, import 287ms, tests 288ms, environment 1.21s)[22m

